info A dev server is already running for this project on port 8081.
info Found Xcode workspace "PATHWAY.xcworkspace"
info Launching iPhone 17 (iOS 26.2)
info Building (using "xcodebuild -workspace PATHWAY.xcworkspace -configuration Debug -scheme PATHWAY -destination id=F881D959-03AA-4A6A-B7AD-CB381229EAD2")
- Building the app.........
- Building the app...
- Building the app.......
- Building the app........
- Building the app.....
- Building the app......
- Building the app.....
- Building the app.........
- Building the app.
- Building the app..
- Building the app.
- Building the app....
- Building the app....
- Building the app
- Building the app........
- Building the app..
- Building the app
- Building the app......
- Building the app........
- Building the app..
- Building the app...
- Building the app.......
- Building the app........
- Building the app.........
- Building the app..
- Building the app.....
- Building the app........
- Building the app.........
- Building the app
- Building the app........
- Building the app........
- Building the app.....
- Building the app...
- Building the app...
- Building the app....
- Building the app........
- Building the app.........
- Building the app......
- Building the app.......
- Building the app.........
- Building the app..
- Building the app.
- Building the app
- Building the app.......
- Building the app......
- Building the app........
- Building the app
- Building the app..
- Building the app....
- Building the app.......
- Building the app
- Building the app..
- Building the app........
- Building the app
- Building the app..
- Building the app....
- Building the app..
- Building the app....
- Building the app......
- Building the app........
- Building the app.........
- Building the app.
- Building the app.
- Building the app
- Building the app....
- Building the app.........
- Building the app.........
- Building the app.
- Building the app......
- Building the app
- Building the app.......
- Building the app.....
- Building the app.
- Building the app.
- Building the app...
- Building the app...
- Building the app.........
- Building the app..
- Building the app.
- Building the app....
- Building the app.......
- Building the app......
- Building the app...
- Building the app........
- Building the app
- Building the app..
- Building the app....
- Building the app...
- Building the app.....
- Building the app.
- Building the app.
- Building the app
- Building the app
- Building the app........
- Building the app....
- Building the app...
- Building the app
- Building the app...
- Building the app...
- Building the app
- Building the app..
- Building the app...
- Building the app.........
- Building the app.
- Building the app.....
- Building the app.....
- Building the app.......
- Building the app.
- Building the app.
- Building the app......
- Building the app....
- Building the app.......
- Building the app........
- Building the app.......
- Building the app.
- Building the app.......
- Building the app.
- Building the app...
- Building the app
- Building the app..
- Building the app
- Building the app....
- Building the app.........
- Building the app......
- Building the app.
- Building the app.
- Building the app......
- Building the app.........
- Building the app.
- Building the app.........
- Building the app..
- Building the app........
- Building the app...
- Building the app.......
- Building the app........
- Building the app..
- Building the app
- Building the app.........
- Building the app.....
- Building the app.......
- Building the app..
- Building the app.........
- Building the app.
- Building the app..
- Building the app....
- Building the app.........
- Building the app.........
- Building the app...
- Building the app..
- Building the app
- Building the app..
- Building the app.....
- Building the app........
- Building the app.
- Building the app........
- Building the app
- Building the app...
- Building the app.....
- Building the app....
- Building the app.......
- Building the app.
- Building the app......
- Building the app........
- Building the app
- Building the app......
- Building the app.......
- Building the app.........
- Building the app.
- Building the app........
- Building the app...
- Building the app...
- Building the app.....
- Building the app.....
- Building the app.........
- Building the app.....
- Building the app
- Building the app..
- Building the app.......
- Building the app
- Building the app.....
- Building the app.........
- Building the app...
- Building the app.....
- Building the app.......
- Building the app
- Building the app..
- Building the app....
- Building the app
- Building the app......
- Building the app...
- Building the app.....
- Building the app.......
- Building the app.....
- Building the app.........
- Building the app..
- Building the app....
- Building the app......
- Building the app.........
- Building the app
- Building the app..
- Building the app.......
- Building the app....
- Building the app.......
- Building the app.........
- Building the app......
- Building the app........
- Building the app.........
- Building the app.....
- Building the app
- Building the app..
- Building the app......
- Building the app.........
- Building the app.....
- Building the app.......
- Building the app.....
- Building the app
- Building the app........
- Building the app.........
- Building the app.......
- Building the app.
- Building the app..
- Building the app....
- Building the app.
- Building the app...
- Building the app..
- Building the app...
- Building the app....
- Building the app........
- Building the app.........
- Building the app.
- Building the app.
- Building the app...
- Building the app.....
- Building the app.......
- Building the app.........
- Building the app.........
- Building the app.
- Building the app...
- Building the app.
- Building the app.....
- Building the app.
- Building the app...
- Building the app.....
- Building the app...
- Building the app....
- Building the app.
- Building the app..
- Building the app.
- Building the app..
- Building the app.....
- Building the app...
- Building the app.....
- Building the app
- Building the app.
- Building the app........
- Building the app.......
- Building the app........
- Building the app
- Building the app.
- Building the app...
- Building the app.........
- Building the app.....
- Building the app........
- Building the app
- Building the app..
- Building the app.....
- Building the app.....
- Building the app.......
- Building the app.........
- Building the app........
- Building the app.
- Building the app...
- Building the app..
- Building the app....
- Building the app......
- Building the app
- Building the app.........
- Building the app.
- Building the app.........
- Building the app.
- Building the app....
- Building the app........
- Building the app.......
- Building the app.........
- Building the app......
- Building the app........
- Building the app......
- Building the app.....
- Building the app..
- Building the app....
- Building the app..
- Building the app....
- Building the app....
- Building the app....
- Building the app........
- Building the app
- Building the app...
- Building the app.....
- Building the app....
- Building the app......
- Building the app........
- Building the app........
- Building the app
- Building the app.....
- Building the app.......
- Building the app....
- Building the app......
- Building the app........
- Building the app.........
- Building the app......
- Building the app.........
- Building the app.
- Building the app....
- Building the app.....
- Building the app......
- Building the app.........
- Building the app.
- Building the app....
- Building the app.....
- Building the app......
- Building the app...
- Building the app....
- Building the app........
- Building the app.........
- Building the app......
- Building the app.........
- Building the app.
- Building the app.....
- Building the app......
- Building the app.......
- Building the app.........
- Building the app
- Building the app..
- Building the app........
- Building the app........
- Building the app...
- Building the app.....
- Building the app....
- Building the app.....
- Building the app......
- Building the app........
- Building the app.
- Building the app..
- Building the app...
- Building the app
- Building the app.
- Building the app......
- Building the app........
- Building the app....
- Building the app.....
- Building the app......
- Building the app.........
- Building the app
- Building the app...
- Building the app....
- Building the app....
- Building the app....
- Building the app.......
- Building the app.....
- Building the app.......
- Building the app........
- Building the app.........
- Building the app.....
- Building the app.......
- Building the app.........
- Building the app........
- Building the app
- Building the app
- Building the app.......
- Building the app.........
- Building the app.
- Building the app......
- Building the app.......
- Building the app..
- Building the app...
- Building the app.....
- Building the app........
- Building the app......
- Building the app....
- Building the app......
- Building the app..
- Building the app....
- Building the app...
- Building the app...
- Building the app.....
- Building the app....
- Building the app.....
- Building the app.......
- Building the app.
- Building the app.......
- Building the app...
- Building the app
- Building the app.......
- Building the app.........
- Building the app........
- Building the app..
- Building the app.......
- Building the app.........
- Building the app
- Building the app
- Building the app..
- Building the app
- Building the app.....
- Building the app....
- Building the app....
- Building the app....
- Building the app........
- Building the app
- Building the app..
- Building the app.........
- Building the app
- Building the app
- Building the app..
- Building the app........
- Building the app....
- Building the app..
- Building the app.
- Building the app...
- Building the app.....
- Building the app......
- Building the app.......
- Building the app........
- Building the app...
- Building the app.......
- Building the app..
- Building the app.
- Building the app........
- Building the app...
- Building the app....
- Building the app...
- Building the app.....
- Building the app...
- Building the app.....
- Building the app.......
- Building the app.........
- Building the app.....
- Building the app......
- Building the app.....
- Building the app.......
- Building the app.........
- Building the app.
- Building the app.....
- Building the app.......
- Building the app.......
- Building the app.....
- Building the app.....
- Building the app......
- Building the app.........
- Building the app..
- Building the app...
- Building the app........
- Building the app.........
- Building the app......
- Building the app.......
- Building the app......
- Building the app...
- Building the app....
- Building the app...
- Building the app.....
- Building the app..
- Building the app........
- Building the app
- Building the app..
- Building the app...
- Building the app...
- Building the app...
- Building the app.....
- Building the app.
- Building the app.....
- Building the app.....
- Building the app.......
- Building the app.
- Building the app.....
- Building the app.......
- Building the app.........
- Building the app...
- Building the app.....
- Building the app....
- Building the app......
- Building the app........
- Building the app
- Building the app..
- Building the app....
- Building the app..
- Building the app.......
- Building the app.........
- Building the app...
- Building the app...
- Building the app.........
- Building the app.
- Building the app.......
- Building the app....
- Building the app..
- Building the app.......
- Building the app..
- Building the app...
- Building the app.....
- Building the app.........
- Building the app....
- Building the app........
- Building the app.......
- Building the app..
- Building the app
- Building the app.
- Building the app
- Building the app.
- Building the app.
- Building the app........
- Building the app.........
- Building the app
- Building the app.
- Building the app...
- Building the app........
- Building the app....
- Building the app......
- Building the app....
- Building the app..
- Building the app......
- Building the app.......
- Building the app...
- Building the app....
- Building the app......
- Building the app.......
- Building the app.........
- Building the app.
- Building the app........
- Building the app.........
- Building the app.........
- Building the app........
- Building the app.........
- Building the app....
- Building the app.
- Building the app...
- Building the app....
- Building the app.........
- Building the app.
- Building the app...
- Building the app.....
- Building the app
- Building the app.........
- Building the app....
- Building the app.........
- Building the app
- Building the app
- Building the app.
- Building the app....
- Building the app.....
- Building the app...
- Building the app
- Building the app.
- Building the app......
- Building the app
- Building the app.......
- Building the app...
- Building the app......
- Building the app...
- Building the app.
- Building the app....
- Building the app.......
- Building the app.......
- Building the app........
- Building the app
- Building the app..
- Building the app....
- Building the app.....
- Building the app.......
- Building the app....
- Building the app.....
- Building the app.........
- Building the app
- Building the app...
- Building the app...
- Building the app....
- Building the app....
- Building the app.....
- Building the app.......
- Building the app........
- Building the app...
- Building the app....
- Building the app......
- Building the app...
- Building the app....
- Building the app......
- Building the app........
- Building the app........
- Building the app......
- Building the app.......
- Building the app.....
- Building the app.....
- Building the app......
- Building the app.....
- Building the app......
- Building the app......
- Building the app.........
- Building the app.........
- Building the app
- Building the app........
- Building the app....
- Building the app...
- Building the app......
- Building the app
- Building the app.
- Building the app......
- Building the app.......
- Building the app.........
- Building the app...
- Building the app.....
- Building the app......
- Building the app........
- Building the app.
- Building the app..
- Building the app....
- Building the app......
- Building the app........
- Building the app
- Building the app.....
- Building the app..
- Building the app
- Building the app
- Building the app........
- Building the app.
- Building the app
- Building the app........
- Building the app.
- Building the app..
- Building the app
- Building the app.
- Building the app.........
- Building the app.........
- Building the app.
- Building the app......
- Building the app..
- Building the app..
- Building the app........
- Building the app.........
- Building the app..
- Building the app....
- Building the app......
- Building the app.......
- Building the app.........
- Building the app....
- Building the app..
- Building the app
- Building the app..
- Building the app.......
- Building the app.....
- Building the app.......
- Building the app....
- Building the app.........
- Building the app
- Building the app......
- Building the app.
- Building the app...
- Building the app....
- Building the app...
- Building the app..
- Building the app...
- Building the app.......
- Building the app........
- Building the app.........
- Building the app......
- Building the app.....
- Building the app.........
- Building the app.....
- Building the app....
- Building the app....
- Building the app.......
- Building the app........
- Building the app...
- Building the app....
- Building the app....
- Building the app.....
- Building the app........
- Building the app.........
- Building the app.......
- Building the app.....
- Building the app.......
- Building the app........
- Building the app........
- Building the app
- Building the app.....
- Building the app.......
- Building the app...
- Building the app....
- Building the app....
- Building the app.........
- Building the app........
- Building the app..
- Building the app...
- Building the app....
- Building the app.....
- Building the app...
- Building the app........
- Building the app...
- Building the app....
- Building the app..
- Building the app....
- Building the app.........
- Building the app.
- Building the app..
- Building the app..
- Building the app......
- Building the app....
- Building the app.....
- Building the app......
- Building the app.......
- Building the app.......
- Building the app
- Building the app.....
- Building the app......
- Building the app...
- Building the app........
- Building the app.......
- Building the app......
- Building the app......
- Building the app.......
- Building the app..
- Building the app.........
- Building the app
- Building the app.
- Building the app...
- Building the app....
- Building the app.......
- Building the app........
- Building the app.........
- Building the app..
- Building the app.....
- Building the app.........
- Building the app
- Building the app.
- Building the app..
- Building the app.......
- Building the app...
- Building the app......
- Building the app
- Building the app...
- Building the app.......
- Building the app..
- Building the app...
- Building the app........
- Building the app......
- Building the app.......
- Building the app.........
- Building the app......
- Building the app.........
- Building the app
- Building the app
- Building the app.
- Building the app
